// Jest Snapshot v1, https://goo.gl/fbAQLP

exports[`should swap out the import if styled-components v4+ is detected 1`] = `
"\\"use strict\\";

var _styledComponents = _interopRequireDefault(require(\\"styled-components\\"));

function _interopRequireDefault(obj) { return obj && obj.__esModule ? obj : { default: obj }; }

var Named = _styledComponents.default.div\`
  width: 100%;
\`;
var NamedWithInterpolation = _styledComponents.default.div\`
  color: \${function (props) {
  return props.color;
}};
\`;
var Wrapped = (0, _styledComponents.default)(Inner)\`
  color: red;
\`;"
`;
